Component: ARM Compiler 5.06 update 7 (build 960) Tool: armlink [4d3601]

==============================================================================

Section Cross References

    startup_stm32f10x_hd.o(STACK) refers (Special) to heapauxi.o(.text) for __use_two_region_memory
    startup_stm32f10x_hd.o(HEAP) refers (Special) to heapauxi.o(.text) for __use_two_region_memory
    startup_stm32f10x_hd.o(RESET) refers (Special) to heapauxi.o(.text) for __use_two_region_memory
    startup_stm32f10x_hd.o(RESET) refers to startup_stm32f10x_hd.o(STACK) for __initial_sp
    startup_stm32f10x_hd.o(RESET) refers to startup_stm32f10x_hd.o(.text) for Reset_Handler
    startup_stm32f10x_hd.o(RESET) refers to stm32f10x_it.o(.text) for NMI_Handler
    startup_stm32f10x_hd.o(RESET) refers to port.o(.emb_text) for SVC_Handler
    startup_stm32f10x_hd.o(RESET) refers to delay.o(.text) for SysTick_Handler
    startup_stm32f10x_hd.o(RESET) refers to encoder.o(.text) for TIM2_IRQHandler
    startup_stm32f10x_hd.o(RESET) refers to timer4.o(.text) for TIM4_IRQHandler
    startup_stm32f10x_hd.o(RESET) refers to usart.o(.text) for USART1_IRQHandler
    startup_stm32f10x_hd.o(RESET) refers to bldc_motor.o(.text) for TIM8_UP_IRQHandler
    startup_stm32f10x_hd.o(.text) refers (Special) to heapauxi.o(.text) for __use_two_region_memory
    startup_stm32f10x_hd.o(.text) refers to system_stm32f10x.o(.text) for SystemInit
    startup_stm32f10x_hd.o(.text) refers to __main.o(!!!main) for __main
    startup_stm32f10x_hd.o(.text) refers to startup_stm32f10x_hd.o(HEAP) for Heap_Mem
    startup_stm32f10x_hd.o(.text) refers to startup_stm32f10x_hd.o(STACK) for Stack_Mem
    delay.o(.text) refers to tasks.o(.text) for xTaskGetSchedulerState
    delay.o(.text) refers to port.o(.text) for xPortSysTickHandler
    delay.o(.text) refers to misc.o(.text) for SysTick_CLKSourceConfig
    delay.o(.text) refers to system_stm32f10x.o(.data) for SystemCoreClock
    delay.o(.text) refers to delay.o(.data) for fac_us
    usart.o(.text) refers (Special) to use_no_semi_2.o(.text) for __use_no_semihosting
    usart.o(.text) refers to stm32f10x_rcc.o(.text) for RCC_APB2PeriphClockCmd
    usart.o(.text) refers to stm32f10x_gpio.o(.text) for GPIO_Init
    usart.o(.text) refers to misc.o(.text) for NVIC_Init
    usart.o(.text) refers to stm32f10x_usart.o(.text) for USART_Init
    usart.o(.text) refers to debug.o(.text) for debug_handle
    usart.o(.bss) refers (Special) to use_no_semi_2.o(.text) for __use_no_semihosting
    usart.o(.data) refers (Special) to use_no_semi_2.o(.text) for __use_no_semihosting
    debug.o(.text) refers to rt_memclr_w.o(.text) for __aeabi_memclr4
    debug.o(.text) refers to ffixu.o(x$fpl$ffixu) for __aeabi_f2uiz
    debug.o(.text) refers to fmul.o(x$fpl$fmul) for __aeabi_fmul
    debug.o(.text) refers to ffix.o(x$fpl$ffix) for __aeabi_f2iz
    debug.o(.text) refers to faddsub_clz.o(x$fpl$fadd) for __aeabi_fadd
    debug.o(.text) refers to debug.o(.constdata) for s_crchi
    debug.o(.text) refers to usart.o(.text) for uart1_SendArray
    debug.o(.text) refers to fflt_clz.o(x$fpl$fflt) for __aeabi_i2f
    debug.o(.text) refers to debug.o(.data) for debug_rev_p
    debug.o(.text) refers to debug.o(.bss) for debug_rev_data
    debug.o(.text) refers to faddsub_clz.o(x$fpl$fsub) for __aeabi_fsub
    debug.o(.text) refers to frleqf.o(x$fpl$frleqf) for __aeabi_cfrcmple
    debug.o(.text) refers to fleqf.o(x$fpl$fleqf) for __aeabi_cfcmple
    stm32f10x_adc.o(.text) refers to stm32f10x_rcc.o(.text) for RCC_APB2PeriphResetCmd
    stm32f10x_bkp.o(.text) refers to stm32f10x_rcc.o(.text) for RCC_BackupResetCmd
    stm32f10x_can.o(.text) refers to stm32f10x_rcc.o(.text) for RCC_APB1PeriphResetCmd
    stm32f10x_cec.o(.text) refers to stm32f10x_rcc.o(.text) for RCC_APB1PeriphResetCmd
    stm32f10x_dac.o(.text) refers to stm32f10x_rcc.o(.text) for RCC_APB1PeriphResetCmd
    stm32f10x_gpio.o(.text) refers to stm32f10x_rcc.o(.text) for RCC_APB2PeriphResetCmd
    stm32f10x_i2c.o(.text) refers to stm32f10x_rcc.o(.text) for RCC_APB1PeriphResetCmd
    stm32f10x_pwr.o(.text) refers to stm32f10x_rcc.o(.text) for RCC_APB1PeriphResetCmd
    stm32f10x_rcc.o(.text) refers to stm32f10x_rcc.o(.data) for APBAHBPrescTable
    stm32f10x_spi.o(.text) refers to stm32f10x_rcc.o(.text) for RCC_APB2PeriphResetCmd
    stm32f10x_tim.o(.text) refers to stm32f10x_rcc.o(.text) for RCC_APB2PeriphResetCmd
    stm32f10x_usart.o(.text) refers to stm32f10x_rcc.o(.text) for RCC_APB2PeriphResetCmd
    stm32f10x_wwdg.o(.text) refers to stm32f10x_rcc.o(.text) for RCC_APB1PeriphResetCmd
    led.o(.text) refers to stm32f10x_rcc.o(.text) for RCC_APB2PeriphClockCmd
    led.o(.text) refers to stm32f10x_gpio.o(.text) for GPIO_Init
    key.o(.text) refers to stm32f10x_rcc.o(.text) for RCC_APB2PeriphClockCmd
    key.o(.text) refers to stm32f10x_gpio.o(.text) for GPIO_Init
    key.o(.text) refers to delay.o(.text) for delay_ms
    key.o(.text) refers to key.o(.data) for key_up
[...]
    EncoderNow                               0x20000080   Data           4  encoder.o(.data)
    EncoderOld                               0x20000084   Data           4  encoder.o(.data)
    EncoderSpeed                             0x20000088   Data           4  encoder.o(.data)
    g_run_flag                               0x2000008c   Data           1  encoder.o(.data)
    accc                                     0x20000090   Data           4  timer4.o(.data)
    pfunclist_m1                             0x20000094   Data          24  bldc_motor.o(.data)
    ldq                                      0x200000ac   Data           1  bldc_motor.o(.data)
    indev_touchpad                           0x200000b0   Data           4  lv_port_indev_template.o(.data)
    indev_keypad                             0x200000b4   Data           4  lv_port_indev_template.o(.data)
    my_key                                   0x200000b8   Data           1  lv_port_indev_template.o(.data)
    LV_LAYOUT_FLEX                           0x20000108   Data           4  lv_flex.o(.data)
    LV_STYLE_FLEX_FLOW                       0x2000010c   Data           2  lv_flex.o(.data)
    LV_STYLE_FLEX_MAIN_PLACE                 0x2000010e   Data           2  lv_flex.o(.data)
    LV_STYLE_FLEX_CROSS_PLACE                0x20000110   Data           2  lv_flex.o(.data)
    LV_STYLE_FLEX_TRACK_PLACE                0x20000112   Data           2  lv_flex.o(.data)
    LV_STYLE_FLEX_GROW                       0x20000114   Data           2  lv_flex.o(.data)
    LV_LAYOUT_GRID                           0x20000118   Data           4  lv_grid.o(.data)
    LV_STYLE_GRID_COLUMN_DSC_ARRAY           0x2000011c   Data           2  lv_grid.o(.data)
    LV_STYLE_GRID_COLUMN_ALIGN               0x2000011e   Data           2  lv_grid.o(.data)
    LV_STYLE_GRID_ROW_DSC_ARRAY              0x20000120   Data           2  lv_grid.o(.data)
    LV_STYLE_GRID_ROW_ALIGN                  0x20000122   Data           2  lv_grid.o(.data)
    LV_STYLE_GRID_CELL_COLUMN_POS            0x20000124   Data           2  lv_grid.o(.data)
    LV_STYLE_GRID_CELL_COLUMN_SPAN           0x20000126   Data           2  lv_grid.o(.data)
    LV_STYLE_GRID_CELL_X_ALIGN               0x20000128   Data           2  lv_grid.o(.data)
    LV_STYLE_GRID_CELL_ROW_POS               0x2000012a   Data           2  lv_grid.o(.data)
    LV_STYLE_GRID_CELL_ROW_SPAN              0x2000012c   Data           2  lv_grid.o(.data)
    LV_STYLE_GRID_CELL_Y_ALIGN               0x2000012e   Data           2  lv_grid.o(.data)
    _lv_layout_list                          0x20000244   Data           4  lv_gc.o(.data)
    _lv_timer_act                            0x20000248   Data           4  lv_gc.o(.data)
    _lv_theme_default_styles                 0x2000024c   Data           4  lv_gc.o(.data)
    _lv_theme_basic_styles                   0x20000250   Data           4  lv_gc.o(.data)
    _lv_grad_cache_mem                       0x20000254   Data           4  lv_gc.o(.data)
    _lv_txt_encoded_size                     0x20000294   Data           4  lv_txt.o(.data)
    _lv_txt_unicode_to_encoded               0x20000298   Data           4  lv_txt.o(.data)
    _lv_txt_encoded_conv_wc                  0x2000029c   Data           4  lv_txt.o(.data)
    _lv_txt_encoded_next                     0x200002a0   Data           4  lv_txt.o(.data)
    _lv_txt_encoded_prev                     0x200002a4   Data           4  lv_txt.o(.data)
    _lv_txt_encoded_get_byte_id              0x200002a8   Data           4  lv_txt.o(.data)
    _lv_txt_encoded_get_char_id              0x200002ac   Data           4  lv_txt.o(.data)
    _lv_txt_get_encoded_length               0x200002b0   Data           4  lv_txt.o(.data)
    btn_enter                                0x200002d8   Data           4  lv_mainstart.o(.data)
    keyboard                                 0x200002dc   Data           4  lv_mainstart.o(.data)
    textarea                                 0x200002e0   Data           4  lv_mainstart.o(.data)
    DC_Motor_label_speed                     0x200002e4   Data           4  lv_mainstart.o(.data)
    DC_Motor_btn_speed_up                    0x200002e8   Data           4  lv_mainstart.o(.data)
    DC_Motor_btn_speed_down                  0x200002ec   Data           4  lv_mainstart.o(.data)
    DC_Motor_btn_stop                        0x200002f0   Data           4  lv_mainstart.o(.data)
    DC_Motor_btn_back                        0x200002f4   Data           4  lv_mainstart.o(.data)
    DC_Motor_speed_val                       0x200002f8   Data           4  lv_mainstart.o(.data)
    Step_Motor_label_speed                   0x200002fc   Data           4  lv_mainstart.o(.data)
    Step_Motor_btn_speed_up                  0x20000300   Data           4  lv_mainstart.o(.data)
    Step_Motor_btn_speed_down                0x20000304   Data           4  lv_mainstart.o(.data)
    Step_Motor_btn_stop                      0x20000308   Data           4  lv_mainstart.o(.data)
    Step_Motor_btn_back                      0x2000030c   Data           4  lv_mainstart.o(.data)
    Step_Motor_speed_val                     0x20000310   Data           4  lv_mainstart.o(.data)
    Bldc_Motor_label_speed                   0x20000314   Data           4  lv_mainstart.o(.data)
    Bldc_Motor_btn_speed_up                  0x20000318   Data           4  lv_mainstart.o(.data)
    Bldc_Motor_btn_speed_down                0x2000031c   Data           4  lv_mainstart.o(.data)
    Bldc_Motor_btn_stop                      0x20000320   Data           4  lv_mainstart.o(.data)
    Bldc_Motor_btn_back                      0x20000324   Data           4  lv_mainstart.o(.data)
    Bldc_Motor_speed_val                     0x20000328   Data           4  lv_mainstart.o(.data)
    Servo_label_speed                        0x2000032c   Data           4  lv_mainstart.o(.data)
    Servo_btn_speed_up                       0x20000330   Data           4  lv_mainstart.o(.data)
    Servo_btn_speed_down                     0x20000334   Data           4  lv_mainstart.o(.data)
    Servo_btn_stop                           0x20000338   Data           4  lv_mainstart.o(.data)
    Servo_btn_back                           0x2000033c   Data           4  lv_mainstart.o(.data)
    Servo_speed_val                          0x20000340   Data           4  lv_mainstart.o(.data)
    val                                      0x20000344   Data           2  lv_mainstart.o(.data)
    label_per                                0x20000348   Data           4  lv_mainstart.o(.data)
    bar                                      0x2000034c   Data           4  lv_mainstart.o(.data)
    correct_bmp                              0x20000350   Data           4  lv_mainstart.o(.data)
    incorrect_bmp                            0x20000354   Data           4  lv_mainstart.o(.data)
    loading_finish_flag                      0x20000358   Data           1  lv_mainstart.o(.data)
    pass_flag                                0x20000359   Data           1  lv_mainstart.o(.data)
    nopass_flag                              0x2000035a   Data           1  lv_mainstart.o(.data)
    timer                                    0x2000035c   Data           4  lv_mainstart.o(.data)
    correct_flag                             0x20000360   Data           1  lv_mainstart.o(.data)
    incorrect_flag                           0x20000361   Data           1  lv_mainstart.o(.data)
    list                                     0x20000364   Data           4  lv_mainstart.o(.data)
    list_label                               0x20000368   Data           4  lv_mainstart.o(.data)
    last_my_key                              0x20000374   Data           1  lv_cb.o(.data)
    mynummap                                 0x20000375   Data          10  lv_cb.o(.data)
    p                                        0x2000037f   Data           1  lv_cb.o(.data)
    mynum                                    0x20000380   Data           1  lv_cb.o(.data)
    NUM                                      0x20000381   Data           1  lv_cb.o(.data)
    LAST_NUM                                 0x20000382   Data           1  lv_cb.o(.data)
    OK_FLAG                                  0x20000383   Data           1  lv_cb.o(.data)
    OK_LEFT                                  0x20000384   Data           1  lv_cb.o(.data)
    SUM                                      0x20000388   Data           4  lv_cb.o(.data)
    i                                        0x2000038c   Data           1  lv_cb.o(.data)
    pp                                       0x2000038d   Data           1  lv_cb.o(.data)
    BackSum                                  0x20000390   Data           4  lv_cb.o(.data)
    uu                                       0x20000394   Data           1  lv_cb.o(.data)
    flag                                     0x20000395   Data           1  lv_cb.o(.data)
    t                                        0x20000396   Data           1  lv_cb.o(.data)
    temp                                     0x20000397   Data           1  lv_cb.o(.data)
    temp_2                                   0x20000398   Data           1  lv_cb.o(.data)
    g_ccr1                                   0x2000039a   Data           2  lv_cb.o(.data)
    a                                        0x2000039c   Data           1  lv_cb.o(.data)
    changedir                                0x2000039d   Data           1  lv_cb.o(.data)
    dir                                      0x2000039e   Data           2  lv_cb.o(.data)
    Servo_val                                0x200003a0   Data           1  lv_cb.o(.data)
    g_bldc_motor1                            0x200003a4   Data          40  lv_cb.o(.data)
    pwm_duty_temp                            0x200003cc   Data           2  lv_cb.o(.data)
    SystemCoreClock                          0x200003d0   Data           4  system_stm32f10x.o(.data)
    AHBPrescTable                            0x200003d4   Data          16  system_stm32f10x.o(.data)
    debug_cmd                                0x200003e4   Data           1  lvgl_demo.o(.data)
    StartTask_Handler                        0x200003e8   Data           4  lvgl_demo.o(.data)
    LV_DEMOTask_Handler                      0x200003ec   Data           4  lvgl_demo.o(.data)
    LEDTask_Handler                          0x200003f0   Data           4  lvgl_demo.o(.data)
    pxCurrentTCB                             0x200003f4   Data           4  tasks.o(.data)
    uxTopUsedPriority                        0x2000042c   Data           4  tasks.o(.data)
    mallco_dev                               0x20000474   Data          28  malloc.o(.data)
    debug_rev_data                           0x20000490   Data          17  debug.o(.bss)
    g_debug                                  0x200004a8   Data         216  debug.o(.bss)
    debug_rev                                0x20000580   Data          24  debug.o(.bss)
    lcddev                                   0x20000598   Data          14  lcd.o(.bss)
    MotorData                                0x200005a8   Data          24  encoder.o(.bss)
    g_speed_pid                              0x200005e8   Data          36  pid.o(.bss)
    _lv_timer_ll                             0x20000818   Data          12  lv_gc.o(.bss)
    _lv_disp_ll                              0x20000824   Data          12  lv_gc.o(.bss)
    _lv_indev_ll                             0x20000830   Data          12  lv_gc.o(.bss)
    _lv_fsdrv_ll                             0x2000083c   Data          12  lv_gc.o(.bss)
    _lv_anim_ll                              0x20000848   Data          12  lv_gc.o(.bss)
    _lv_group_ll                             0x20000854   Data          12  lv_gc.o(.bss)
    _lv_img_decoder_ll                       0x20000860   Data          12  lv_gc.o(.bss)
    _lv_obj_style_trans_ll                   0x2000086c   Data          12  lv_gc.o(.bss)
    _lv_img_cache_single                     0x20000878   Data          44  lv_gc.o(.bss)
    lv_mem_buf                               0x200008a4   Data         128  lv_gc.o(.bss)
    _lv_circle_cache                         0x20000924   Data         112  lv_gc.o(.bss)
    _lv_draw_mask_list                       0x20000994   Data         128  lv_gc.o(.bss)
    buff                                     0x20000a14   Data          50  lv_cb.o(.bss)
    xQueueRegistry                           0x20000a48   Data          64  queue.o(.bss)
    mem1base                                 0x200035a0   Data       40960  malloc.o(.bss)
    mem1mapbase                              0x2000d5a0   Data        2560  malloc.o(.bss)
    __libspace_start                         0x2000dfa0   Data          96  libspace.o(.bss)
    __temporary_stack_top$libspace           0x2000e000   Data           0  libspace.o(.bss)
    mem2base                                 0x68000000   Data       10240  malloc.o(.ARM.__AT_0x68000000)
    mem2mapbase                              0x68002800   Data         640  malloc.o(.ARM.__AT_0x68002800)



==============================================================================

Memory Map of the image

  Image Entry point : 0x08000131

  Load Region LR_IROM1 (Base: 0x08000000, Size: 0x0005ecb4, Max: 0x00080000, ABSOLUTE, COMPRESSED[0x0005e968])

    Execution Region ER_IROM1 (Exec base: 0x08000000, Load base: 0x08000000, Size: 0x0005e824, Max: 0x00080000, ABSOLUTE)

    Exec Addr    Load Addr    Size         Type   Attr      Idx    E Section Name        Object

    0x08000000   0x08000000   0x00000130   Data   RO           19    RESET               startup_stm32f10x_hd.o
    0x08000130   0x08000130   0x00000008   Code   RO        25027  * !!!main             c_w.l(__main.o)
    0x08000138   0x08000138   0x00000034   Code   RO        25414    !!!scatter          c_w.l(__scatter.o)
    0x0800016c   0x0800016c   0x0000005a   Code   RO        25412    !!dczerorl2         c_w.l(__dczerorl2.o)
    0x080001c6   0x080001c6   0x00000002   PAD
    0x080001c8   0x080001c8   0x0000001c   Code   RO        25416    !!handler_zi        c_w.l(__scatter_zi.o)
    0x080001e4   0x080001e4   0x00000000   Code   RO        24994    .ARM.Collect$$_printf_percent$$00000000  c_w.l(_printf_percent.o)
    0x080001e4   0x080001e4   0x00000006   Code   RO        25137    .ARM.Collect$$_printf_percent$$00000001  c_w.l(_printf_n.o)
    0x080001ea   0x080001ea   0x00000006   Code   RO        25138    .ARM.Collect$$_printf_percent$$00000002  c_w.l(_printf_p.o)
    0x080001f0   0x080001f0   0x00000006   Code   RO        25141    .ARM.Collect$$_printf_percent$$00000003  c_w.l(_printf_f.o)
    0x080001f6   0x080001f6   0x00000006   Code   RO        25142    .ARM.Collect$$_printf_percent$$00000004  c_w.l(_printf_e.o)
    0x080001fc   0x080001fc   0x00000006   Code   RO        25143    .ARM.Collect$$_printf_percent$$00000005  c_w.l(_printf_g.o)
    0x08000202   0x08000202   0x00000006   Code   RO        25144    .ARM.Collect$$_printf_percent$$00000006  c_w.l(_printf_a.o)
    0x08000208   0x08000208   0x0000000a   Code   RO        25149    .ARM.Collect$$_printf_percent$$00000007  c_w.l(_printf_ll.o)
    0x08000212   0x08000212   0x00000006   Code   RO        25140    .ARM.Collect$$_printf_percent$$00000008  c_w.l(_printf_i.o)
    0x08000218   0x08000218   0x00000006   Code   RO        24992    .ARM.Collect$$_printf_percent$$00000009  c_w.l(_printf_d.o)
    0x0800021e   0x0800021e   0x00000006   Code   RO        24993    .ARM.Collect$$_printf_percent$$0000000A  c_w.l(_printf_u.o)
    0x08000224   0x08000224   0x00000006   Code   RO        25139    .ARM.Collect$$_printf_percent$$0000000B  c_w.l(_printf_o.o)
    0x0800022a   0x0800022a   0x00000006   Code   RO        24991    .ARM.Collect$$_printf_percent$$0000000C  c_w.l(_printf_x.o)
    0x08000230   0x08000230   0x00000006   Code   RO        25146    .ARM.Collect$$_printf_percent$$0000000D  c_w.l(_printf_lli.o)
    0x08000236   0x08000236   0x00000006   Code   RO        25147    .ARM.Collect$$_printf_percent$$0000000E  c_w.l(_printf_lld.o)
    0x0800023c   0x0800023c   0x00000006   Code   RO        25148    .ARM.Collect$$_printf_percent$$0000000F  c_w.l(_printf_llu.o)
    0x08000242   0x08000242   0x00000006   Code   RO        25153    .ARM.Collect$$_printf_percent$$00000010  c_w.l(_printf_llo.o)
    0x08000248   0x08000248   0x00000006   Code   RO        25154    .ARM.Collect$$_printf_percent$$00000011  c_w.l(_printf_llx.o)
    0x0800024e   0x0800024e   0x0000000a   Code   RO        25150    .ARM.Collect$$_printf_percent$$00000012  c_w.l(_printf_l.o)
    0x08000258   0x08000258   0x00000006   Code   RO        24989    .ARM.Collect$$_printf_percent$$00000013  c_w.l(_printf_c.o)
    0x0800025e   0x0800025e   0x00000006   Code   RO        24990    .ARM.Collect$$_printf_percent$$00000014  c_w.l(_printf_s.o)
    0x08000264   0x08000264   0x00000006   Code   RO        25151    .ARM.Collect$$_printf_percent$$00000015  c_w.l(_printf_lc.o)
    0x0800026a   0x0800026a   0x00000006   Code   RO        25152    .ARM.Collect$$_printf_percent$$00000016  c_w.l(_printf_ls.o)
    0x08000270   0x08000270   0x00000004   Code   RO        25145    .ARM.Collect$$_printf_percent$$00000017  c_w.l(_printf_percent_end.o)
    0x08000274   0x08000274   0x00000002   Code   RO        25289    .ARM.Collect$$libinit$$00000000  c_w.l(libinit.o)
    0x08000276   0x08000276   0x00000000   Code   RO        25306    .ARM.Collect$$libinit$$00000002  c_w.l(libinit2.o)
    0x08000276   0x08000276   0x00000000   Code   RO        25308    .ARM.Collect$$libinit$$00000004  c_w.l(libinit2.o)
    0x08000276   0x08000276   0x00000000   Code   RO        25311    .ARM.Collect$$libinit$$0000000A  c_w.l(libinit2.o)
    0x08000276   0x08000276   0x00000000   Code   RO        25313    .ARM.Collect$$libinit$$0000000C  c_w.l(libinit2.o)
    0x08000276   0x08000276   0x00000000   Code   RO        25315    .ARM.Collect$$libinit$$0000000E  c_w.l(libinit2.o)
    0x08000276   0x08000276   0x00000006   Code   RO        25316    .ARM.Collect$$libinit$$0000000F  c_w.l(libinit2.o)
    0x0800027c   0x0800027c   0x00000000   Code   RO        25318    .ARM.Collect$$libinit$$00000011  c_w.l(libinit2.o)
    0x0800027c   0x0800027c   0x0000000c   Code   RO        25319    .ARM.Collect$$libinit$$00000012  c_w.l(libinit2.o)
    0x08000288   0x08000288   0x00000000   Code   RO        25320    .ARM.Collect$$libinit$$00000013  c_w.l(libinit2.o)
    0x08000288   0x08000288   0x00000000   Code   RO        25322    .ARM.Collect$$libinit$$00000015  c_w.l(libinit2.o)
    0x08000288   0x08000288   0x0000000a   Code   RO        25323    .ARM.Collect$$libinit$$00000016  c_w.l(libinit2.o)
    0x08000292   0x08000292   0x00000000   Code   RO        25324    .ARM.Collect$$libinit$$00000017  c_w.l(libinit2.o)
    0x08000292   0x08000292   0x00000000   Code   RO        25326    .ARM.Collect$$libinit$$00000019  c_w.l(libinit2.o)
    0x08000292   0x08000292   0x00000000   Code   RO        25328    .ARM.Collect$$libinit$$0000001B  c_w.l(libinit2.o)
    0x08000292   0x08000292   0x00000000   Code   RO        25330    .ARM.Collect$$libinit$$0000001D  c_w.l(libinit2.o)
    0x08000292   0x08000292   0x00000000   Code   RO        25332    .ARM.Collect$$libinit$$0000001F  c_w.l(libinit2.o)
    0x08000292   0x08000292   0x00000000   Code   RO        25334    .ARM.Collect$$libinit$$00000021  c_w.l(libinit2.o)
    0x08000292   0x08000292   0x00000000   Code   RO        25336    .ARM.Collect$$libinit$$00000023  c_w.l(libinit2.o)
    0x08000292   0x08000292   0x00000000   Code   RO        25338    .ARM.Collect$$libinit$$00000025  c_w.l(libinit2.o)
    0x08000292   0x08000292   0x00000000   Code   RO        25342    .ARM.Collect$$libinit$$0000002C  c_w.l(libinit2.o)
    0x08000292   0x08000292   0x00000000   Code   RO        25344    .ARM.Collect$$libinit$$0000002E  c_w.l(libinit2.o)
    0x08000292   0x08000292   0x00000000   Code   RO        25346    .ARM.Collect$$libinit$$00000030  c_w.l(libinit2.o)
    0x08000292   0x08000292   0x00000000   Code   RO        25348    .ARM.Collect$$libinit$$00000032  c_w.l(libinit2.o)
    0x08000292   0x08000292   0x00000002   Code   RO        25349    .ARM.Collect$$libinit$$00000033  c_w.l(libinit2.o)
    0x08000294   0x08000294   0x00000002   Code   RO        25383    .ARM.Collect$$libshutdown$$00000000  c_w.l(libshutdown.o)
    0x08000296   0x08000296   0x00000000   Code   RO        25393    .ARM.Collect$$libshutdown$$00000002  c_w.l(libshutdown2.o)
    0x08000296   0x08000296   0x00000000   Code   RO        25395    .ARM.Collect$$libshutdown$$00000004  c_w.l(libshutdown2.o)
    0x08000296   0x08000296   0x00000000   Code   RO        25397    .ARM.Collect$$libshutdown$$00000006  c_w.l(libshutdown2.o)
    0x08000296   0x08000296   0x00000000   Code   RO        25400    .ARM.Collect$$libshutdown$$00000009  c_w.l(libshutdown2.o)
    0x08000296   0x08000296   0x00000000   Code   RO        25403    .ARM.Collect$$libshutdown$$0000000C  c_w.l(libshutdown2.o)
    0x08000296   0x08000296   0x00000000   Code   RO        25405    .ARM.Collect$$libshutdown$$0000000E  c_w.l(libshutdown2.o)
    0x08000296   0x08000296   0x00000000   Code   RO        25408    .ARM.Collect$$libshutdown$$00000011  c_w.l(libshutdown2.o)
    0x08000296   0x08000296   0x00000002   Code   RO        25409    .ARM.Collect$$libshutdown$$00000012  c_w.l(libshutdown2.o)
    0x08000298   0x08000298   0x00000000   Code   RO        25105    .ARM.Collect$$rtentry$$00000000  c_w.l(__rtentry.o)
    0x08000298   0x08000298   0x00000000   Code   RO        25187    .ARM.Collect$$rtentry$$00000002  c_w.l(__rtentry2.o)
    0x08000298   0x08000298   0x00000006   Code   RO        25199    .ARM.Collect$$rtentry$$00000004  c_w.l(__rtentry4.o)
    0x0800029e   0x0800029e   0x00000000   Code   RO        25189    .ARM.Collect$$rtentry$$00000009  c_w.l(__rtentry2.o)
    0x0800029e   0x0800029e   0x00000004   Code   RO        25190    .ARM.Collect$$rtentry$$0000000A  c_w.l(__rtentry2.o)
    0x080002a2   0x080002a2   0x00000000   Code   RO        25192    .ARM.Collect$$rtentry$$0000000C  c_w.l(__rtentry2.o)
    0x080002a2   0x080002a2   0x00000008   Code   RO        25193    .ARM.Collect$$rtentry$$0000000D  c_w.l(__rtentry2.o)
    0x080002aa   0x080002aa   0x00000002   Code   RO        25294    .ARM.Collect$$rtexit$$00000000  c_w.l(rtexit.o)
    0x080002ac   0x080002ac   0x00000000   Code   RO        25351    .ARM.Collect$$rtexit$$00000002  c_w.l(rtexit2.o)
    0x080002ac   0x080002ac   0x00000004   Code   RO        25352    .ARM.Collect$$rtexit$$00000003  c_w.l(rtexit2.o)
    0x080002b0   0x080002b0   0x00000006   Code   RO        25353    .ARM.Collect$$rtexit$$00000004  c_w.l(rtexit2.o)
    0x080002b6   0x080002b6   0x00000002   PAD
    0x080002b8   0x080002b8   0x00000096   Code   RO        24872    .emb_text           port.o
    0x0800034e   0x0800034e   0x00000002   PAD
    0x08000350   0x08000350   0x00000040   Code   RO           20    .text               startup_stm32f10x_hd.o
    0x08000390   0x08000390   0x000000bc   Code   RO           24    .text               delay.o
    0x0800044c   0x0800044c   0x000001b0   Code   RO          184    .text               usart.o
    0x080005fc   0x080005fc   0x00000b70   Code   RO          211    .text               debug.o
    0x0800116c   0x0800116c   0x000000dc   Code   RO          241    .text               misc.o
    0x08001248   0x08001248   0x0000060c   Code   RO          373    .text               stm32f10x_fsmc.o
    0x08001854   0x08001854   0x0000035c   Code   RO          385    .text               stm32f10x_gpio.o
    0x08001bb0   0x08001bb0   0x000003a4   Code   RO          433    .text               stm32f10x_rcc.o
    0x08001f54   0x08001f54   0x00000e1a   Code   RO          483    .text               stm32f10x_tim.o
    0x08002d6e   0x08002d6e   0x00000002   PAD
    0x08002d70   0x08002d70   0x00000408   Code   RO          495    .text               stm32f10x_usart.o
    0x08003178   0x08003178   0x0000004c   Code   RO          519    .text               led.o
    0x080031c4   0x080031c4   0x000000fc   Code   RO          534    .text               key.o
    0x080032c0   0x080032c0   0x0000344c   Code   RO          553    .text               lcd.o
    0x0800670c   0x0800670c   0x0000026c   Code   RO          583    .text               myiic.o
    0x08006978   0x08006978   0x0000017a   Code   RO          598    .text               24cxx.o
    0x08006af2   0x08006af2   0x00000002   PAD
    0x08006af4   0x08006af4   0x00000fb4   Code   RO          653    .text               touch.o
    0x08007aa8   0x08007aa8   0x00000284   Code   RO          693    .text               ctiic.o
    0x08007d2c   0x08007d2c   0x0000036c   Code   RO          708    .text               ott2001a.o
    0x08008098   0x08008098   0x00000580   Code   RO          728    .text               ft5206.o
    0x08008618   0x08008618   0x00000458   Code   RO          744    .text               gt9147.o
    0x08008a70   0x08008a70   0x00000118   Code   RO          760    .text               sram.o
    0x08008b88   0x08008b88   0x000000e8   Code   RO          775    .text               dc_motor.o
    0x08008c70   0x08008c70   0x000003c0   Code   RO          793    .text               encoder.o
    0x08009030   0x08009030   0x0000008c   Code   RO          819    .text               pid.o
    0x080090bc   0x080090bc   0x0000005c   Code   RO          837    .text               timer2.o
    0x08009118   0x08009118   0x00000144   Code   RO          855    .text               advanced_tim1.o
    0x0800925c   0x0800925c   0x00000054   Code   RO          867    .text               step_motor.o
    0x080092b0   0x080092b0   0x00000118   Code   RO          882    .text               timer4.o
    0x080093c8   0x080093c8   0x000000b4   Code   RO          901    .text               timer5.o
    0x0800947c   0x0800947c   0x000001dc   Code   RO          916    .text               timer8.o
    0x08009658   0x08009658   0x00000308   Code   RO          931    .text               bldc_motor.o
    0x08009960   0x08009960   0x000000d8   Code   RO          950    .text               lv_port_disp_template.o
    0x08009a38   0x08009a38   0x00000184   Code   RO         1367    .text               lv_port_indev_template.o
    0x08009bbc   0x08009bbc   0x00000884   Code   RO         1878    .text               lv_disp.o
    0x0800a440   0x0800a440   0x00000990   Code   RO         2046    .text               lv_event.o
    0x0800add0   0x0800add0   0x00000762   Code   RO         2189    .text               lv_group.o
    0x0800b532   0x0800b532   0x00000002   PAD
    0x0800b534   0x0800b534   0x000013e0   Code   RO         2345    .text               lv_indev.o
    0x0800c914   0x0800c914   0x00000d4e   Code   RO         2405    .text               lv_indev_scroll.o
    0x0800d662   0x0800d662   0x00000002   PAD
    0x0800d664   0x0800d664   0x000012b0   Code   RO         2493    .text               lv_obj.o
    0x0800e914   0x0800e914   0x000002b8   Code   RO         2601    .text               lv_obj_class.o
    0x0800ebcc   0x0800ebcc   0x000009ae   Code   RO         2614    .text               lv_obj_draw.o
    0x0800f57a   0x0800f57a   0x00000002   PAD
    0x0800f57c   0x0800f57c   0x00001b98   Code   RO         2760    .text               lv_obj_pos.o
    0x08011114   0x08011114   0x00001598   Code   RO         2861    .text               lv_obj_scroll.o
    0x080126ac   0x080126ac   0x0000133c   Code   RO         2964    .text               lv_obj_style.o
    0x080139e8   0x080139e8   0x00000992   Code   RO         3067    .text               lv_obj_style_gen.o
    0x0801437a   0x0801437a   0x00000002   PAD
    0x0801437c   0x0801437c   0x00000758   Code   RO         3112    .text               lv_obj_tree.o
    0x08014ad4   0x08014ad4   0x0000129c   Code   RO         3195    .text               lv_refr.o
    0x08015d70   0x08015d70   0x00000100   Code   RO         3308    .text               lv_theme.o
    0x08015e70   0x08015e70   0x0000006c   Code   RO         3703    .text               lv_draw_sw.o
    0x08015edc   0x08015edc   0x00000d9a   Code   RO         3837    .text               lv_draw_sw_arc.o
    0x08016c76   0x08016c76   0x00000002   PAD
    0x08016c78   0x08016c78   0x00000fb2   Code   RO         3941    .text               lv_draw_sw_blend.o
    0x08017c2a   0x08017c2a   0x00000002   PAD
    0x08017c2c   0x08017c2c   0x00000654   Code   RO         4079    .text               lv_draw_sw_gradient.o
    0x08018280   0x08018280   0x000005b4   Code   RO         4135    .text               lv_draw_sw_img.o
    0x08018834   0x08018834   0x000005bc   Code   RO         4225    .text               lv_draw_sw_letter.o
    0x08018df0   0x08018df0   0x000009f8   Code   RO         4325    .text               lv_draw_sw_line.o
    0x080197e8   0x080197e8   0x00000390   Code   RO         4420    .text               lv_draw_sw_polygon.o
    0x08019b78   0x08019b78   0x000020ac   Code   RO         4488    .text               lv_draw_sw_rect.o
    0x0801bc24   0x0801bc24   0x00000002   Code   RO         4586    .text               lv_draw.o
    0x0801bc26   0x0801bc26   0x000004d2   Code   RO         4720    .text               lv_draw_arc.o
    0x0801c0f8   0x0801c0f8   0x0000057c   Code   RO         4771    .text               lv_draw_img.o
    0x0801c674   0x0801c674   0x000008e8   Code   RO         4887    .text               lv_draw_label.o
    0x0801cf5c   0x0801cf5c   0x00000086   Code   RO         4986    .text               lv_draw_line.o
    0x0801cfe2   0x0801cfe2   0x00000002   PAD
    0x0801cfe4   0x0801cfe4   0x00001f6c   Code   RO         5141    .text               lv_draw_mask.o
    0x0801ef50   0x0801ef50   0x00000110   Code   RO         5210    .text               lv_draw_rect.o
    0x0801f060   0x0801f060   0x000011da   Code   RO         5280    .text               lv_img_buf.o
    0x0802023a   0x0802023a   0x00000002   PAD
    0x0802023c   0x0802023c   0x000000f4   Code   RO         5324    .text               lv_img_cache.o
    0x08020330   0x08020330   0x00000ea0   Code   RO         5369    .text               lv_img_decoder.o
    0x080211d0   0x080211d0   0x00000fa8   Code   RO         5433    .text               lv_flex.o
    0x08022178   0x08022178   0x00000f58   Code   RO         5602    .text               lv_grid.o
    0x080230d0   0x080230d0   0x00003254   Code   RO        10681    .text               lv_theme_default.o
    0x08026324   0x08026324   0x00000678   Code   RO        11883    .text               lv_calendar.o
    0x0802699c   0x0802699c   0x00000224   Code   RO        12282    .text               lv_calendar_header_arrow.o
    0x08026bc0   0x08026bc0   0x0000019c   Code   RO        12465    .text               lv_calendar_header_dropdown.o
    0x08026d5c   0x08026d5c   0x00002eba   Code   RO        12581    .text               lv_chart.o
    0x08029c16   0x08029c16   0x00000002   PAD
    0x08029c18   0x08029c18   0x00000e50   Code   RO        12978    .text               lv_colorwheel.o
    0x0802aa68   0x0802aa68   0x00000430   Code   RO        13773    .text               lv_keyboard.o
    0x0802ae98   0x0802ae98   0x000003fc   Code   RO        13948    .text               lv_led.o
    0x0802b294   0x0802b294   0x0000011c   Code   RO        14345    .text               lv_list.o
    0x0802b3b0   0x0802b3b0   0x00000980   Code   RO        14528    .text               lv_menu.o
    0x0802bd30   0x0802bd30   0x000011c4   Code   RO        14705    .text               lv_meter.o
    0x0802cef4   0x0802cef4   0x000006b0   Code   RO        15899    .text               lv_spinbox.o
    0x0802d5a4   0x0802d5a4   0x000000f8   Code   RO        16296    .text               lv_spinner.o
    0x0802d69c   0x0802d69c   0x0000056c   Code   RO        16694    .text               lv_tabview.o
    0x0802dc08   0x0802dc08   0x000002dc   Code   RO        17092    .text               lv_tileview.o
    0x0802dee4   0x0802dee4   0x00000140   Code   RO        17255    .text               lv_win.o
    0x0802e024   0x0802e024   0x0000000c   Code   RO        17653    .text               lv_extra.o
    0x0802e030   0x0802e030   0x000001a4   Code   RO        18048    .text               lv_font.o
    0x0802e1d4   0x0802e1d4   0x00000424   Code   RO        18481    .text               lv_font_fmt_txt.o
    0x0802e5f8   0x0802e5f8   0x00000c44   Code   RO        20358    .text               lv_hal_disp.o
    0x0802f23c   0x0802f23c   0x000003a8   Code   RO        20541    .text               lv_hal_indev.o
    0x0802f5e4   0x0802f5e4   0x00000022   Code   RO        20702    .text               lv_hal_tick.o
    0x0802f606   0x0802f606   0x00000002   PAD
    0x0802f608   0x0802f608   0x000006cc   Code   RO        20723    .text               lv_anim.o
    0x0802fcd4   0x0802fcd4   0x000008dc   Code   RO        20818    .text               lv_area.o
    0x080305b0   0x080305b0   0x00000058   Code   RO        20833    .text               lv_async.o
    0x08030608   0x08030608   0x000005b4   Code   RO        20877    .text               lv_color.o
    0x08030bbc   0x08030bbc   0x00000848   Code   RO        20893    .text               lv_fs.o
    0x08031404   0x08031404   0x00000342   Code   RO        20959    .text               lv_ll.o
    0x08031746   0x08031746   0x00000002   PAD
    0x08031748   0x08031748   0x000000ec   Code   RO        20971    .text               lv_log.o
    0x08031834   0x08031834   0x00000244   Code   RO        21006    .text               lv_math.o
    0x08031a78   0x08031a78   0x0000081e   Code   RO        21021    .text               lv_mem.o
    0x08032296   0x08032296   0x00000002   PAD
    0x08032298   0x08032298   0x00000968   Code   RO        21044    .text               lv_printf.o
    0x08032c00   0x08032c00   0x000005c4   Code   RO        21056    .text               lv_style.o
    0x080331c4   0x080331c4   0x000007fe   Code   RO        21092    .text               lv_style_gen.o
    0x080339c2   0x080339c2   0x00000002   PAD
    0x080339c4   0x080339c4   0x00000384   Code   RO        21115    .text               lv_timer.o
    0x08033d48   0x08033d48   0x000009b8   Code   RO        21136    .text               lv_txt.o
    0x08034700   0x08034700   0x00000054   Code   RO        21237    .text               lv_utils.o
    0x08034754   0x08034754   0x0000100e   Code   RO        21252    .text               lv_arc.o
    0x08035762   0x08035762   0x00000002   PAD
    0x08035764   0x08035764   0x00000af4   Code   RO        21416    .text               lv_bar.o
    0x08036258   0x08036258   0x00000044   Code   RO        21521    .text               lv_btn.o
    0x0803629c   0x0803629c   0x000015b0   Code   RO        21545    .text               lv_btnmatrix.o
    0x0803784c   0x0803784c   0x00000572   Code   RO        21732    .text               lv_checkbox.o
    0x08037dbe   0x08037dbe   0x00000002   PAD
    0x08037dc0   0x08037dc0   0x000014ec   Code   RO        21826    .text               lv_dropdown.o
    0x080392ac   0x080392ac   0x00001134   Code   RO        21924    .text               lv_img.o
    0x0803a3e0   0x0803a3e0   0x00001830   Code   RO        22018    .text               lv_label.o
    0x0803bc10   0x0803bc10   0x0000028c   Code   RO        22118    .text               lv_line.o
    0x0803be9c   0x0803be9c   0x00000e70   Code   RO        22143    .text               lv_roller.o
    0x0803cd0c   0x0803cd0c   0x00000bf4   Code   RO        22225    .text               lv_slider.o
    0x0803d900   0x0803d900   0x0000047c   Code   RO        22341    .text               lv_switch.o
    0x0803dd7c   0x0803dd7c   0x0000167c   Code   RO        22445    .text               lv_table.o
    0x0803f3f8   0x0803f3f8   0x00001938   Code   RO        22529    .text               lv_textarea.o
    0x08040d30   0x08040d30   0x000016fa   Code   RO        23613    .text               lv_mainstart.o
    0x0804242a   0x0804242a   0x00000002   PAD
    0x0804242c   0x0804242c   0x00001238   Code   RO        24031    .text               lv_cb.o
    0x08043664   0x08043664   0x000000a4   Code   RO        24285    .text               main.o
    0x08043708   0x08043708   0x00000014   Code   RO        24340    .text               stm32f10x_it.o
    0x0804371c   0x0804371c   0x000001e0   Code   RO        24381    .text               system_stm32f10x.o
    0x080438fc   0x080438fc   0x00000178   Code   RO        24399    .text               lvgl_demo.o
    0x08043a74   0x08043a74   0x00000094   Code   RO        24747    .text               list.o
    0x08043b08   0x08043b08   0x000010d4   Code   RO        24762    .text               queue.o
    0x08044bdc   0x08044bdc   0x000022b8   Code   RO        24805    .text               tasks.o
    0x08046e94   0x08046e94   0x000006cc   Code   RO        24836    .text               timers.o
    0x08047560   0x08047560   0x00000350   Code   RO        24857    .text               heap_4.o
    0x080478b0   0x080478b0   0x000002e8   Code   RO        24873    .text               port.o
    0x08047b98   0x08047b98   0x00000258   Code   RO        24902    .text               malloc.o
    0x08047df0   0x08047df0   0x00000002   Code   RO        24926    .text               c_w.l(use_no_semi_2.o)
    0x08047df2   0x08047df2   0x000000ee   Code   RO        24928    .text               c_w.l(lludivv7m.o)
    0x08047ee0   0x08047ee0   0x0000000c   Code   RO        24930    .text               c_w.l(vprintf.o)
    0x08047eec   0x08047eec   0x00000018   Code   RO        24932    .text               c_w.l(__2printf.o)
    0x08047f04   0x08047f04   0x0000002c   Code   RO        24934    .text               c_w.l(__2sprintf.o)
    0x08047f30   0x08047f30   0x0000004e   Code   RO        24942    .text               c_w.l(_printf_pad.o)
    0x08047f7e   0x08047f7e   0x00000052   Code   RO        24944    .text               c_w.l(_printf_str.o)
    0x08047fd0   0x08047fd0   0x00000078   Code   RO        24946    .text               c_w.l(_printf_dec.o)
    0x08048048   0x08048048   0x00000094   Code   RO        24966    .text               c_w.l(_printf_hex_int_ll_ptr.o)
    0x080480dc   0x080480dc   0x00000188   Code   RO        24986    .text               c_w.l(__printf_flags_ss_wp.o)
    0x08048264   0x08048264   0x0000002c   Code   RO        24995    .text               c_w.l(puts.o)
    0x08048290   0x08048290   0x00000048   Code   RO        25003    .text               c_w.l(strcpy.o)
    0x080482d8   0x080482d8   0x0000003e   Code   RO        25005    .text               c_w.l(strlen.o)
    0x08048316   0x08048316   0x00000018   Code   RO        25007    .text               c_w.l(strcat.o)
    0x0804832e   0x0804832e   0x0000008a   Code   RO        25009    .text               c_w.l(rt_memcpy_v6.o)
    0x080483b8   0x080483b8   0x00000064   Code   RO        25013    .text               c_w.l(rt_memcpy_w.o)
    0x0804841c   0x0804841c   0x00000010   Code   RO        25017    .text               c_w.l(aeabi_memset.o)
    0x0804842c   0x0804842c   0x00000044   Code   RO        25019    .text               c_w.l(rt_memclr.o)
    0x08048470   0x08048470   0x0000004e   Code   RO        25021    .text               c_w.l(rt_memclr_w.o)
    0x080484be   0x080484be   0x00000002   PAD
    0x080484c0   0x080484c0   0x00000080   Code   RO        25023    .text               c_w.l(strcmpv7m.o)
    0x08048540   0x08048540   0x00000006   Code   RO        25025    .text               c_w.l(heapauxi.o)
    0x08048546   0x08048546   0x00000002   Code   RO        25103    .text               c_w.l(use_no_semi.o)
    0x08048548   0x08048548   0x00000016   Code   RO        25110    .text               c_w.l(_rserrno.o)
    0x0804855e   0x0804855e   0x00000024   Code   RO        25112    .text               c_w.l(_printf_truncate.o)
    0x08048582   0x08048582   0x000000b2   Code   RO        25114    .text               c_w.l(_printf_intcommon.o)
    0x08048634   0x08048634   0x00000028   Code   RO        25116    .text               c_w.l(_printf_charcount.o)
    0x0804865c   0x0804865c   0x00000030   Code   RO        25118    .text               c_w.l(_printf_char_common.o)
    0x0804868c   0x0804868c   0x0000000a   Code   RO        25120    .text               c_w.l(_sputc.o)
    0x08048696   0x08048696   0x0000002c   Code   RO        25122    .text               c_w.l(_printf_char.o)
    0x080486c2   0x080486c2   0x00000002   PAD
    0x080486c4   0x080486c4   0x00000024   Code   RO        25124    .text               c_w.l(_printf_char_file.o)
    0x080486e8   0x080486e8   0x000000bc   Code   RO        25126    .text               c_w.l(_printf_wctomb.o)
    0x080487a4   0x080487a4   0x0000007c   Code   RO        25129    .text               c_w.l(_printf_longlong_dec.o)
    0x08048820   0x08048820   0x00000070   Code   RO        25135    .text               c_w.l(_printf_oct_int_ll.o)
    0x08048890   0x08048890   0x00000008   Code   RO        25206    .text               c_w.l(rt_errno_addr_intlibspace.o)
    0x08048898   0x08048898   0x0000008a   Code   RO        25208    .text               c_w.l(lludiv10.o)
    0x08048922   0x08048922   0x0000041e   Code   RO        25210    .text               c_w.l(_printf_fp_dec.o)
    0x08048d40   0x08048d40   0x000002fc   Code   RO        25212    .text               c_w.l(_printf_fp_hex.o)
    0x0804903c   0x0804903c   0x0000002c   Code   RO        25217    .text               c_w.l(_printf_wchar.o)
    0x08049068   0x08049068   0x00000008   Code   RO        25219    .text               c_w.l(ferror.o)
    0x08049070   0x08049070   0x00000040   Code   RO        25223    .text               c_w.l(_wcrtomb.o)
    0x080490b0   0x080490b0   0x00000008   Code   RO        25229    .text               c_w.l(libspace.o)
    0x080490b8   0x080490b8   0x0000004a   Code   RO        25233    .text               c_w.l(sys_stackheap_outer.o)
    0x08049102   0x08049102   0x00000002   PAD
    0x08049104   0x08049104   0x00000010   Code   RO        25235    .text               c_w.l(rt_ctype_table.o)
    0x08049114   0x08049114   0x00000008   Code   RO        25242    .text               c_w.l(rt_locale_intlibspace.o)
    0x0804911c   0x0804911c   0x00000080   Code   RO        25244    .text               c_w.l(_printf_fp_infnan.o)
    0x0804919c   0x0804919c   0x000000e4   Code   RO        25246    .text               c_w.l(bigflt0.o)
    0x08049280   0x08049280   0x00000012   Code   RO        25274    .text               c_w.l(exit.o)
    0x08049292   0x08049292   0x0000003e   Code   RO        25249    CL$$btod_d2e        c_w.l(btod.o)
    0x080492d0   0x080492d0   0x00000046   Code   RO        25251    CL$$btod_d2e_denorm_low  c_w.l(btod.o)
    0x08049316   0x08049316   0x00000060   Code   RO        25250    CL$$btod_d2e_norm_op1  c_w.l(btod.o)
    0x08049376   0x08049376   0x00000338   Code   RO        25259    CL$$btod_div_common  c_w.l(btod.o)
    0x080496ae   0x080496ae   0x000000dc   Code   RO        25256    CL$$btod_e2e        c_w.l(btod.o)
    0x0804978a   0x0804978a   0x0000002a   Code   RO        25253    CL$$btod_ediv       c_w.l(btod.o)
    0x080497b4   0x080497b4   0x0000002a   Code   RO        25252    CL$$btod_emul       c_w.l(btod.o)
    0x080497de   0x080497de   0x00000244   Code   RO        25258    CL$$btod_mult_common  c_w.l(btod.o)
    0x08049a22   0x08049a22   0x00000028   Code   RO        25292    i.__ARM_fpclassify  m_ws.l(fpclassify.o)
    0x08049a4a   0x08049a4a   0x0000000e   Code   RO        24979    i._is_digit         c_w.l(__printf_wp.o)
    0x08049a58   0x08049a58   0x0000004c   Code   RO        25096    i.sqrt              m_ws.l(sqrt.o)
    0x08049aa4   0x08049aa4   0x0000002c   Code   RO        25272    locale$$code        c_w.l(lc_numeric_c.o)
    0x08049ad0   0x08049ad0   0x0000002c   Code   RO        25297    locale$$code        c_w.l(lc_ctype_c.o)
    0x08049afc   0x08049afc   0x00000062   Code   RO        25029    x$fpl$d2f           fz_ws.l(d2f.o)
    0x08049b5e   0x08049b5e   0x00000002   PAD
    0x08049b60   0x08049b60   0x00000150   Code   RO        25031    x$fpl$dadd          fz_ws.l(daddsub_clz.o)
    0x08049cb0   0x08049cb0   0x00000018   Code   RO        25161    x$fpl$dcmpinf       fz_ws.l(dcmpi.o)
    0x08049cc8   0x08049cc8   0x000002b0   Code   RO        25038    x$fpl$ddiv          fz_ws.l(ddiv.o)
    0x08049f78   0x08049f78   0x0000005e   Code   RO        25041    x$fpl$dfix          fz_ws.l(dfix.o)
    0x08049fd6   0x08049fd6   0x00000002   PAD
    0x08049fd8   0x08049fd8   0x0000005a   Code   RO        25045    x$fpl$dfixu         fz_ws.l(dfixu.o)
    0x0804a032   0x0804a032   0x0000002e   Code   RO        25050    x$fpl$dflt          fz_ws.l(dflt_clz.o)
    0x0804a060   0x0804a060   0x00000026   Code   RO        25049    x$fpl$dfltu         fz_ws.l(dflt_clz.o)
    0x0804a086   0x0804a086   0x00000002   PAD
    0x0804a088   0x0804a088   0x00000078   Code   RO        25055    x$fpl$dleqf         fz_ws.l(dleqf.o)
    0x0804a100   0x0804a100   0x00000154   Code   RO        25057    x$fpl$dmul          fz_ws.l(dmul.o)
    0x0804a254   0x0804a254   0x0000009c   Code   RO        25163    x$fpl$dnaninf       fz_ws.l(dnaninf.o)
    0x0804a2f0   0x0804a2f0   0x0000000c   Code   RO        25165    x$fpl$dretinf       fz_ws.l(dretinf.o)
    0x0804a2fc   0x0804a2fc   0x0000006c   Code   RO        25059    x$fpl$drleqf        fz_ws.l(drleqf.o)
    0x0804a368   0x0804a368   0x00000016   Code   RO        25032    x$fpl$drsb          fz_ws.l(daddsub_clz.o)
    0x0804a37e   0x0804a37e   0x00000002   PAD
    0x0804a380   0x0804a380   0x000001cc   Code   RO        25167    x$fpl$dsqrt         fz_ws.l(dsqrt_noumaal.o)
    0x0804a54c   0x0804a54c   0x000001d4   Code   RO        25033    x$fpl$dsub          fz_ws.l(daddsub_clz.o)
    0x0804a720   0x0804a720   0x00000056   Code   RO        25061    x$fpl$f2d           fz_ws.l(f2d.o)
    0x0804a776   0x0804a776   0x00000002   PAD
    0x0804a778   0x0804a778   0x000000c4   Code   RO        25063    x$fpl$fadd          fz_ws.l(faddsub_clz.o)
    0x0804a83c   0x0804a83c   0x00000018   Code   RO        25169    x$fpl$fcmpinf       fz_ws.l(fcmpi.o)
    0x0804a854   0x0804a854   0x00000184   Code   RO        25070    x$fpl$fdiv          fz_ws.l(fdiv.o)
    0x0804a9d8   0x0804a9d8   0x00000068   Code   RO        25073    x$fpl$feqf          fz_ws.l(feqf.o)
    0x0804aa40   0x0804aa40   0x00000036   Code   RO        25075    x$fpl$ffix          fz_ws.l(ffix.o)
    0x0804aa76   0x0804aa76   0x00000002   PAD
    0x0804aa78   0x0804aa78   0x0000003e   Code   RO        25079    x$fpl$ffixu         fz_ws.l(ffixu.o)
    0x0804aab6   0x0804aab6   0x00000002   PAD
    0x0804aab8   0x0804aab8   0x00000030   Code   RO        25084    x$fpl$fflt          fz_ws.l(fflt_clz.o)
    0x0804aae8   0x0804aae8   0x00000026   Code   RO        25083    x$fpl$ffltu         fz_ws.l(fflt_clz.o)
    0x0804ab0e   0x0804ab0e   0x00000002   PAD
    0x0804ab10   0x0804ab10   0x00000068   Code   RO        25089    x$fpl$fleqf         fz_ws.l(fleqf.o)
    0x0804ab78   0x0804ab78   0x00000102   Code   RO        25091    x$fpl$fmul          fz_ws.l(fmul.o)
    0x0804ac7a   0x0804ac7a   0x0000008c   Code   RO        25171    x$fpl$fnaninf       fz_ws.l(fnaninf.o)
    0x0804ad06   0x0804ad06   0x0000000a   Code   RO        25173    x$fpl$fretinf       fz_ws.l(fretinf.o)
    0x0804ad10   0x0804ad10   0x00000062   Code   RO        25093    x$fpl$frleqf        fz_ws.l(frleqf.o)
    0x0804ad72   0x0804ad72   0x00000002   PAD
    0x0804ad74   0x0804ad74   0x000000ea   Code   RO        25065    x$fpl$fsub          fz_ws.l(faddsub_clz.o)
    0x0804ae5e   0x0804ae5e   0x00000004   Code   RO        25175    x$fpl$printf1       fz_ws.l(printf1.o)
    0x0804ae62   0x0804ae62   0x00000004   Code   RO        25177    x$fpl$printf2       fz_ws.l(printf2.o)
    0x0804ae66   0x0804ae66   0x00000000   Code   RO        25183    x$fpl$usenofp       fz_ws.l(usenofp.o)
    0x0804ae66   0x0804ae66   0x00000200   Data   RO          213    .constdata          debug.o
    0x0804b066   0x0804b066   0x000017c0   Data   RO          555    .constdata          lcd.o
    0x0804c826   0x0804c826   0x00000002   PAD
    0x0804c828   0x0804c828   0x00000004   Data   RO          654    .constdata          touch.o
    0x0804c82c   0x0804c82c   0x0000000a   Data   RO          709    .constdata          ott2001a.o
    0x0804c836   0x0804c836   0x00000014   Data   RO          729    .constdata          ft5206.o
    0x0804c84a   0x0804c84a   0x000000c2   Data   RO          745    .constdata          gt9147.o
    0x0804c90c   0x0804c90c   0x000000d5   Data   RO         1879    .constdata          lv_disp.o
    0x0804c9e1   0x0804c9e1   0x0000016e   Data   RO         2047    .constdata          lv_event.o
    0x0804cb4f   0x0804cb4f   0x00000021   Data   RO         2190    .constdata          lv_group.o
    0x0804cb70   0x0804cb70   0x0000003d   Data   RO         2346    .constdata          lv_indev.o
    0x0804cbad   0x0804cbad   0x00000003   PAD
    0x0804cbb0   0x0804cbb0   0x0000003e   Data   RO         2494    .constdata          lv_obj.o
    0x0804cbee   0x0804cbee   0x00000018   Data   RO         2602    .constdata          lv_obj_class.o
    0x0804cc06   0x0804cc06   0x00000002   PAD
    0x0804cc08   0x0804cc08   0x0000001c   Data   RO         2761    .constdata          lv_obj_pos.o
    0x0804cc24   0x0804cc24   0x00000030   Data   RO         2965    .constdata          lv_obj_style.o
    0x0804cc54   0x0804cc54   0x0000002d   Data   RO         3113    .constdata          lv_obj_tree.o
    0x0804cc81   0x0804cc81   0x00000054   Data   RO         3197    .constdata          lv_refr.o
    0x0804ccd5   0x0804ccd5   0x00000019   Data   RO         3942    .constdata          lv_draw_sw_blend.o
    0x0804ccee   0x0804ccee   0x00000039   Data   RO         4080    .constdata          lv_draw_sw_gradient.o
    0x0804cd27   0x0804cd27   0x00000143   Data   RO         4227    .constdata          lv_draw_sw_letter.o
    0x0804ce6a   0x0804ce6a   0x00000021   Data   RO         4326    .constdata          lv_draw_sw_line.o
    0x0804ce8b   0x0804ce8b   0x00000001   PAD
    0x0804ce8c   0x0804ce8c   0x00000008   Data   RO         4421    .constdata          lv_draw_sw_polygon.o
    0x0804ce94   0x0804ce94   0x0000000c   Data   RO         4489    .constdata          lv_draw_sw_rect.o
    0x0804cea0   0x0804cea0   0x00000030   Data   RO         4772    .constdata          lv_draw_img.o
    0x0804ced0   0x0804ced0   0x0000000e   Data   RO         4888    .constdata          lv_draw_label.o
    0x0804cede   0x0804cede   0x00000050   Data   RO         5142    .constdata          lv_draw_mask.o
    0x0804cf2e   0x0804cf2e   0x00000017   Data   RO         5281    .constdata          lv_img_buf.o
    0x0804cf45   0x0804cf45   0x00000029   Data   RO         5325    .constdata          lv_img_cache.o
    0x0804cf6e   0x0804cf6e   0x000000c3   Data   RO         5370    .constdata          lv_img_decoder.o
    0x0804d031   0x0804d031   0x0000000f   Data   RO         5434    .constdata          lv_flex.o
    0x0804d040   0x0804d040   0x00000016   Data   RO        10683    .constdata          lv_theme_default.o
    0x0804d056   0x0804d056   0x00000002   PAD
    0x0804d058   0x0804d058   0x0000003e   Data   RO        11884    .constdata          lv_calendar.o
    0x0804d096   0x0804d096   0x00000002   PAD
    0x0804d098   0x0804d098   0x0000001c   Data   RO        12283    .constdata          lv_calendar_header_arrow.o
    0x0804d0b4   0x0804d0b4   0x0000001c   Data   RO        12466    .constdata          lv_calendar_header_dropdown.o
    0x0804d0d0   0x0804d0d0   0x00000236   Data   RO        12582    .constdata          lv_chart.o
    0x0804d306   0x0804d306   0x00000002   PAD
    0x0804d308   0x0804d308   0x0000001c   Data   RO        12979    .constdata          lv_colorwheel.o
    0x0804d324   0x0804d324   0x00000392   Data   RO        13774    .constdata          lv_keyboard.o
    0x0804d6b6   0x0804d6b6   0x00000002   PAD
    0x0804d6b8   0x0804d6b8   0x0000001c   Data   RO        13949    .constdata          lv_led.o
    0x0804d6d4   0x0804d6d4   0x00000054   Data   RO        14346    .constdata          lv_list.o
    0x0804d728   0x0804d728   0x000000fc   Data   RO        14529    .constdata          lv_menu.o
    0x0804d824   0x0804d824   0x0000008a   Data   RO        14706    .constdata          lv_meter.o
    0x0804d8ae   0x0804d8ae   0x00000002   PAD
    0x0804d8b0   0x0804d8b0   0x00000065   Data   RO        15103    .constdata          lv_msgbox.o
    0x0804d915   0x0804d915   0x00000003   PAD
    0x0804d918   0x0804d918   0x0000001c   Data   RO        15900    .constdata          lv_spinbox.o
    0x0804d934   0x0804d934   0x0000001c   Data   RO        16297    .constdata          lv_spinner.o
    0x0804d950   0x0804d950   0x0000001c   Data   RO        16695    .constdata          lv_tabview.o
    0x0804d96c   0x0804d96c   0x0000004b   Data   RO        17093    .constdata          lv_tileview.o
    0x0804d9b7   0x0804d9b7   0x00000001   PAD
    0x0804d9b8   0x0804d9b8   0x0000001c   Data   RO        17256    .constdata          lv_win.o
    0x0804d9d4   0x0804d9d4   0x00000047   Data   RO        18049    .constdata          lv_font.o
    0x0804da1b   0x0804da1b   0x0000001b   Data   RO        18482    .constdata          lv_font_fmt_txt.o
    0x0804da36   0x0804da36   0x00000002   PAD
    0x0804da38   0x0804da38   0x0000248c   Data   RO        18560    .constdata          lv_font_montserrat_10.o
    0x0804fec4   0x0804fec4   0x00003544   Data   RO        18978    .constdata          lv_font_montserrat_14.o
    0x08053408   0x08053408   0x00005520   Data   RO        19396    .constdata          lv_font_montserrat_20.o
    0x08058928   0x08058928   0x00000040   Data   RO        20359    .constdata          lv_hal_disp.o
    0x08058968   0x08058968   0x00000049   Data   RO        20542    .constdata          lv_hal_indev.o
    0x080589b1   0x080589b1   0x0000000e   Data   RO        20724    .constdata          lv_anim.o
    0x080589bf   0x080589bf   0x00000001   PAD
    0x080589c0   0x080589c0   0x000001b2   Data   RO        20878    .constdata          lv_color.o
    0x08058b72   0x08058b72   0x00000030   Data   RO        20894    .constdata          lv_fs.o
    0x08058ba2   0x08058ba2   0x000000b6   Data   RO        21007    .constdata          lv_math.o
    0x08058c58   0x08058c58   0x0000004a   Data   RO        21022    .constdata          lv_mem.o
    0x08058ca2   0x08058ca2   0x00000036   Data   RO        21057    .constdata          lv_style.o
    0x08058cd8   0x08058cd8   0x00000021   Data   RO        21116    .constdata          lv_timer.o
    0x08058cf9   0x08058cf9   0x00000026   Data   RO        21137    .constdata          lv_txt.o
    0x08058d1f   0x08058d1f   0x00000001   PAD
    0x08058d20   0x08058d20   0x00000029   Data   RO        21253    .constdata          lv_arc.o
    0x08058d49   0x08058d49   0x00000003   PAD
    0x08058d4c   0x08058d4c   0x0000001c   Data   RO        21417    .constdata          lv_bar.o
    0x08058d68   0x08058d68   0x0000001c   Data   RO        21522    .constdata          lv_btn.o
    0x08058d84   0x08058d84   0x0000003c   Data   RO        21546    .constdata          lv_btnmatrix.o
    0x08058dc0   0x08058dc0   0x0000001c   Data   RO        21733    .constdata          lv_checkbox.o
    0x08058ddc   0x08058ddc   0x000000a3   Data   RO        21827    .constdata          lv_dropdown.o
    0x08058e7f   0x08058e7f   0x00000001   PAD
    0x08058e80   0x08058e80   0x00000034   Data   RO        21925    .constdata          lv_img.o
    0x08058eb4   0x08058eb4   0x000000b5   Data   RO        22019    .constdata          lv_label.o
    0x08058f69   0x08058f69   0x00000003   PAD
    0x08058f6c   0x08058f6c   0x0000001c   Data   RO        22119    .constdata          lv_line.o
    0x08058f88   0x08058f88   0x00000069   Data   RO        22144    .constdata          lv_roller.o
    0x08058ff1   0x08058ff1   0x00000003   PAD
    0x08058ff4   0x08058ff4   0x0000001c   Data   RO        22226    .constdata          lv_slider.o
    0x08059010   0x08059010   0x0000001c   Data   RO        22342    .constdata          lv_switch.o
    0x0805902c   0x0805902c   0x000000f0   Data   RO        22446    .constdata          lv_table.o
    0x0805911c   0x0805911c   0x000000c5   Data   RO        22530    .constdata          lv_textarea.o
    0x080591e1   0x080591e1   0x00000003   PAD
    0x080591e4   0x080591e4   0x00001d58   Data   RO        24022    .constdata          correct.o
    0x0805af3c   0x0805af3c   0x00002d18   Data   RO        24276    .constdata          incorrect.o
    0x0805dc54   0x0805dc54   0x00000018   Data   RO        24906    .constdata          malloc.o
    0x0805dc6c   0x0805dc6c   0x00000028   Data   RO        24967    .constdata          c_w.l(_printf_hex_int_ll_ptr.o)
    0x0805dc94   0x0805dc94   0x00000011   Data   RO        24987    .constdata          c_w.l(__printf_flags_ss_wp.o)
    0x0805dca5   0x0805dca5   0x00000003   PAD
    0x0805dca8   0x0805dca8   0x00000008   Data   RO        25127    .constdata          c_w.l(_printf_wctomb.o)
    0x0805dcb0   0x0805dcb0   0x00000026   Data   RO        25213    .constdata          c_w.l(_printf_fp_hex.o)
    0x0805dcd6   0x0805dcd6   0x00000002   PAD
    0x0805dcd8   0x0805dcd8   0x00000094   Data   RO        25247    .constdata          c_w.l(bigflt0.o)
    0x0805dd6c   0x0805dd6c   0x00000079   Data   RO          655    .conststring        touch.o
    0x0805dde5   0x0805dde5   0x00000003   PAD
    0x0805dde8   0x0805dde8   0x0000009e   Data   RO         2495    .conststring        lv_obj.o
    0x0805de86   0x0805de86   0x00000002   PAD
    0x0805de88   0x0805de88   0x0000005a   Data   RO         3198    .conststring        lv_refr.o
    0x0805dee2   0x0805dee2   0x00000002   PAD
    0x0805dee4   0x0805dee4   0x00000051   Data   RO         4228    .conststring        lv_draw_sw_letter.o
    0x0805df35   0x0805df35   0x00000003   PAD
    0x0805df38   0x0805df38   0x00000041   Data   RO         4889    .conststring        lv_draw_label.o
    0x0805df79   0x0805df79   0x00000003   PAD
    0x0805df7c   0x0805df7c   0x0000004b   Data   RO         5326    .conststring        lv_img_cache.o
    0x0805dfc7   0x0805dfc7   0x00000001   PAD
    0x0805dfc8   0x0805dfc8   0x00000063   Data   RO        11885    .conststring        lv_calendar.o
    0x0805e02b   0x0805e02b   0x00000001   PAD
    0x0805e02c   0x0805e02c   0x00000069   Data   RO        12284    .conststring        lv_calendar_header_arrow.o
    0x0805e095   0x0805e095   0x00000003   PAD
    0x0805e098   0x0805e098   0x0000028c   Data   RO        12467    .conststring        lv_calendar_header_dropdown.o
    0x0805e324   0x0805e324   0x00000189   Data   RO        13775    .conststring        lv_keyboard.o
    0x0805e4ad   0x0805e4ad   0x00000003   PAD
    0x0805e4b0   0x0805e4b0   0x00000046   Data   RO        17094    .conststring        lv_tileview.o
    0x0805e4f6   0x0805e4f6   0x00000002   PAD
    0x0805e4f8   0x0805e4f8   0x00000050   Data   RO        18483    .conststring        lv_font_fmt_txt.o
    0x0805e548   0x0805e548   0x00000057   Data   RO        20543    .conststring        lv_hal_indev.o
    0x0805e59f   0x0805e59f   0x00000001   PAD
    0x0805e5a0   0x0805e5a0   0x00000026   Data   RO        20972    .conststring        lv_log.o
    0x0805e5c6   0x0805e5c6   0x00000002   PAD
    0x0805e5c8   0x0805e5c8   0x00000051   Data   RO        21023    .conststring        lv_mem.o
    0x0805e619   0x0805e619   0x00000003   PAD
    0x0805e61c   0x0805e61c   0x00000025   Data   RO        21547    .conststring        lv_btnmatrix.o
    0x0805e641   0x0805e641   0x00000003   PAD
    0x0805e644   0x0805e644   0x00000046   Data   RO        22447    .conststring        lv_table.o
    0x0805e68a   0x0805e68a   0x00000002   PAD
    0x0805e68c   0x0805e68c   0x0000004b   Data   RO        22531    .conststring        lv_textarea.o
    0x0805e6d7   0x0805e6d7   0x00000001   PAD
    0x0805e6d8   0x0805e6d8   0x00000020   Data   RO        25410    Region$$Table       anon$$obj.o
    0x0805e6f8   0x0805e6f8   0x0000001c   Data   RO        25271    locale$$data        c_w.l(lc_numeric_c.o)
    0x0805e714   0x0805e714   0x00000110   Data   RO        25296    locale$$data        c_w.l(lc_ctype_c.o)


    Execution Region RW_IRAM1 (Exec base: 0x20000000, Load base: 0x0805e824, Size: 0x0000e600, Max: 0x00010000, ABSOLUTE, COMPRESSED[0x00000144])

    Exec Addr    Load Addr    Size         Type   Attr      Idx    E Section Name        Object

    0x20000000   COMPRESSED   0x00000001   Data   RW           25    .data               delay.o
    0x20000001   COMPRESSED   0x00000003   PAD
    0x20000004   COMPRESSED   0x00000006   Data   RW          186    .data               usart.o
    0x2000000a   COMPRESSED   0x00000002   PAD
    0x2000000c   COMPRESSED   0x00000009   Data   RW          214    .data               debug.o
    0x20000015   COMPRESSED   0x00000014   Data   RW          434    .data               stm32f10x_rcc.o
    0x20000029   COMPRESSED   0x00000001   Data   RW          535    .data               key.o
    0x2000002a   COMPRESSED   0x00000004   Data   RW          556    .data               lcd.o
    0x2000002e   COMPRESSED   0x00000002   PAD
    0x20000030   COMPRESSED   0x00000036   Data   RW          656    .data               touch.o
    0x20000066   COMPRESSED   0x00000001   Data   RW          710    .data               ott2001a.o
    0x20000067   COMPRESSED   0x00000007   Data   RW          730    .data               ft5206.o
    0x2000006e   COMPRESSED   0x00000001   Data   RW          746    .data               gt9147.o
    0x2000006f   COMPRESSED   0x00000001   PAD
    0x20000070   COMPRESSED   0x00000020   Data   RW          795    .data               encoder.o
    0x20000090   COMPRESSED   0x00000004   Data   RW          883    .data               timer4.o
    0x20000094   COMPRESSED   0x00000019   Data   RW          932    .data               bldc_motor.o
    0x200000ad   COMPRESSED   0x00000003   PAD
    0x200000b0   COMPRESSED   0x00000014   Data   RW         1369    .data               lv_port_indev_template.o
    0x200000c4   COMPRESSED   0x00000008   Data   RW         2048    .data               lv_event.o
    0x200000cc   COMPRESSED   0x00000004   Data   RW         2191    .data               lv_group.o
    0x200000d0   COMPRESSED   0x00000009   Data   RW         2347    .data               lv_indev.o
    0x200000d9   COMPRESSED   0x00000003   PAD
    0x200000dc   COMPRESSED   0x00000008   Data   RW         2496    .data               lv_obj.o
    0x200000e4   COMPRESSED   0x00000005   Data   RW         2762    .data               lv_obj_pos.o
    0x200000e9   COMPRESSED   0x00000001   Data   RW         2966    .data               lv_obj_style.o
    0x200000ea   COMPRESSED   0x00000002   PAD
    0x200000ec   COMPRESSED   0x00000008   Data   RW         3199    .data               lv_refr.o
    0x200000f4   COMPRESSED   0x00000009   Data   RW         4081    .data               lv_draw_sw_gradient.o
    0x200000fd   COMPRESSED   0x00000003   PAD
    0x20000100   COMPRESSED   0x00000008   Data   RW         4229    .data               lv_draw_sw_letter.o
    0x20000108   COMPRESSED   0x0000000e   Data   RW         5435    .data               lv_flex.o
    0x20000116   COMPRESSED   0x00000002   PAD
    0x20000118   COMPRESSED   0x00000018   Data   RW         5603    .data               lv_grid.o
    0x20000130   COMPRESSED   0x00000020   Data   RW        10684    .data               lv_theme_default.o
    0x20000150   COMPRESSED   0x0000001c   Data   RW        11886    .data               lv_calendar.o
    0x2000016c   COMPRESSED   0x00000030   Data   RW        12285    .data               lv_calendar_header_arrow.o
    0x2000019c   COMPRESSED   0x00000008   Data   RW        12468    .data               lv_calendar_header_dropdown.o
    0x200001a4   COMPRESSED   0x00000007   Data   RW        12980    .data               lv_colorwheel.o
    0x200001ab   COMPRESSED   0x00000001   PAD
    0x200001ac   COMPRESSED   0x00000048   Data   RW        13776    .data               lv_keyboard.o
    0x200001f4   COMPRESSED   0x00000008   Data   RW        16298    .data               lv_spinner.o
    0x200001fc   COMPRESSED   0x00000004   Data   RW        16696    .data               lv_tabview.o
    0x20000200   COMPRESSED   0x0000000c   Data   RW        17095    .data               lv_tileview.o
    0x2000020c   COMPRESSED   0x00000002   Data   RW        17257    .data               lv_win.o
    0x2000020e   COMPRESSED   0x00000002   PAD
    0x20000210   COMPRESSED   0x00000008   Data   RW        18561    .data               lv_font_montserrat_10.o
    0x20000218   COMPRESSED   0x00000008   Data   RW        18979    .data               lv_font_montserrat_14.o
    0x20000220   COMPRESSED   0x00000008   Data   RW        19397    .data               lv_font_montserrat_20.o
    0x20000228   COMPRESSED   0x0000000d   Data   RW        20360    .data               lv_hal_disp.o
    0x20000235   COMPRESSED   0x00000003   PAD
    0x20000238   COMPRESSED   0x0000000c   Data   RW        20725    .data               lv_anim.o
    0x20000244   COMPRESSED   0x00000014   Data   RW        20936    .data               lv_gc.o
    0x20000258   COMPRESSED   0x0000001c   Data   RW        20973    .data               lv_log.o
    0x20000274   COMPRESSED   0x00000004   Data   RW        21008    .data               lv_math.o
    0x20000278   COMPRESSED   0x00000004   Data   RW        21024    .data               lv_mem.o
    0x2000027c   COMPRESSED   0x00000002   Data   RW        21058    .data               lv_style.o
    0x2000027e   COMPRESSED   0x00000002   PAD
    0x20000280   COMPRESSED   0x00000014   Data   RW        21117    .data               lv_timer.o
    0x20000294   COMPRESSED   0x00000020   Data   RW        21138    .data               lv_txt.o
    0x200002b4   COMPRESSED   0x0000001c   Data   RW        21548    .data               lv_btnmatrix.o
    0x200002d0   COMPRESSED   0x00000004   Data   RW        22532    .data               lv_textarea.o
    0x200002d4   COMPRESSED   0x000000a0   Data   RW        23614    .data               lv_mainstart.o
    0x20000374   COMPRESSED   0x0000005b   Data   RW        24033    .data               lv_cb.o
    0x200003cf   COMPRESSED   0x00000001   PAD
    0x200003d0   COMPRESSED   0x00000014   Data   RW        24382    .data               system_stm32f10x.o
    0x200003e4   COMPRESSED   0x00000010   Data   RW        24400    .data               lvgl_demo.o
    0x200003f4   COMPRESSED   0x00000040   Data   RW        24807    .data               tasks.o
    0x20000434   COMPRESSED   0x00000014   Data   RW        24838    .data               timers.o
    0x20000448   COMPRESSED   0x00000020   Data   RW        24859    .data               heap_4.o
    0x20000468   COMPRESSED   0x0000000c   Data   RW        24874    .data               port.o
    0x20000474   COMPRESSED   0x0000001c   Data   RW        24907    .data               malloc.o
    0x20000490        -       0x00000108   Zero   RW          212    .bss                debug.o
    0x20000598        -       0x0000000e   Zero   RW          554    .bss                lcd.o
    0x200005a6   COMPRESSED   0x00000002   PAD
    0x200005a8        -       0x00000040   Zero   RW          794    .bss                encoder.o
    0x200005e8        -       0x00000024   Zero   RW          820    .bss                pid.o
    0x2000060c        -       0x00000068   Zero   RW          953    .bss                lv_port_disp_template.o
    0x20000674        -       0x00000040   Zero   RW         1368    .bss                lv_port_indev_template.o
    0x200006b4        -       0x00000018   Zero   RW         3196    .bss                lv_refr.o
    0x200006cc        -       0x00000100   Zero   RW         4226    .bss                lv_draw_sw_letter.o
    0x200007cc        -       0x0000004c   Zero   RW        10682    .bss                lv_theme_default.o
    0x20000818        -       0x000001fc   Zero   RW        20935    .bss                lv_gc.o
    0x20000a14        -       0x00000032   Zero   RW        24032    .bss                lv_cb.o
    0x20000a46   COMPRESSED   0x00000002   PAD
    0x20000a48        -       0x00000040   Zero   RW        24763    .bss                queue.o
    0x20000a88        -       0x000002e4   Zero   RW        24806    .bss                tasks.o
    0x20000d6c        -       0x00000028   Zero   RW        24837    .bss                timers.o
    0x20000d94        -       0x00002800   Zero   RW        24858    .bss                heap_4.o
    0x20003594   COMPRESSED   0x0000000c   PAD
    0x200035a0        -       0x0000aa00   Zero   RW        24905    .bss                malloc.o
    0x2000dfa0        -       0x00000060   Zero   RW        25230    .bss                c_w.l(libspace.o)
    0x2000e000        -       0x00000200   Zero   RW           18    HEAP                startup_stm32f10x_hd.o
    0x2000e200        -       0x00000400   Zero   RW           17    STACK               startup_stm32f10x_hd.o



  Load Region LR$$.ARM.__AT_0x68000000 (Base: 0x68000000, Size: 0x00000000, Max: 0x00002800, ABSOLUTE)

    Execution Region ER$$.ARM.__AT_0x68000000 (Exec base: 0x68000000, Load base: 0x68000000, Size: 0x00002800, Max: 0x00002800, ABSOLUTE, UNINIT)

    Exec Addr    Load Addr    Size         Type   Attr      Idx    E Section Name        Object

    0x68000000        -       0x00002800   Zero   RW        24903    .ARM.__AT_0x68000000  malloc.o



  Load Region LR$$.ARM.__AT_0x68002800 (Base: 0x68002800, Size: 0x00000000, Max: 0x00000280, ABSOLUTE)

    Execution Region ER$$.ARM.__AT_0x68002800 (Exec base: 0x68002800, Load base: 0x68002800, Size: 0x00000280, Max: 0x00000280, ABSOLUTE, UNINIT)

    Exec Addr    Load Addr    Size         Type   Attr      Idx    E Section Name        Object

    0x68002800        -       0x00000280   Zero   RW        24904    .ARM.__AT_0x68002800  malloc.o



  Load Region LR$$.ARM.__AT_0x68002A80 (Base: 0x68002a80, Size: 0x00000000, Max: 0x000bb800, ABSOLUTE)

    Execution Region ER$$.ARM.__AT_0x68002A80 (Exec base: 0x68002a80, Load base: 0x68002a80, Size: 0x000bb800, Max: 0x000bb800, ABSOLUTE, UNINIT)

    Exec Addr    Load Addr    Size         Type   Attr      Idx    E Section Name        Object

    0x68002a80        -       0x000bb800   Zero   RW          951    .ARM.__AT_0x68002A80  lv_port_disp_template.o



  Load Region LR$$.ARM.__AT_0x680BE280 (Base: 0x680be280, Size: 0x00000000, Max: 0x000bb800, ABSOLUTE)

    Execution Region ER$$.ARM.__AT_0x680BE280 (Exec base: 0x680be280, Load base: 0x680be280, Size: 0x000bb800, Max: 0x000bb800, ABSOLUTE, UNINIT)

    Exec Addr    Load Addr    Size         Type   Attr      Idx    E Section Name        Object

    0x680be280        -       0x000bb800   Zero   RW          952    .ARM.__AT_0x680BE280  lv_port_disp_template.o


==============================================================================

Image component sizes


      Code (inc. data)   RO Data    RW Data    ZI Data      Debug   Object Name

       378          0          0          0          0       2750   24cxx.o
       324         14          0          0          0       1375   advanced_tim1.o
       776         24          0         25          0       2706   bldc_motor.o
         0          0          0          0          0       4548   core_cm3.o
         0          0       7512          0          0        602   correct.o
       644         24          0          0          0       2025   ctiic.o
       232          8          0          0          0       1326   dc_motor.o
      2928         96        512          9        264       9633   debug.o
       188         12          0          1          0     271951   delay.o
       960         92          0         32         64       2820   encoder.o
         0          0          0          0          0      13076   event_groups.o
      1408         76         20          7          0       2883   ft5206.o
      1112         74        194          1          0       2994   gt9147.o
       848        102          0         32      10240       3746   heap_4.o
         0          0      11544          0          0        618   incorrect.o
       252         12          0          1          0        816   key.o
     13388        124       6080          4         14      19830   lcd.o
        76          8          0          0          0        471   led.o
       148          0          0          0          0       1918   list.o
         0          0          0          0          0        400   lodepng.o
      1740        150         14         12          0      30179   lv_anim.o
      4110         92         41          0          0      69884   lv_arc.o
      2268         22          0          0          0       9403   lv_area.o
        88          4          0          0          0       1752   lv_async.o
      2804         30         28          0          0      57949   lv_bar.o
         0          0          0          0          0       5203   lv_bidi.o
        68          6         28          0          0       1431   lv_btn.o
      5552        184         97         28          0      51883   lv_btnmatrix.o
      1656        100        161         28          0      58772   lv_calendar.o
       548         32        133         48          0      50325   lv_calendar_header_arrow.o
       412         26        680          8          0      36444   lv_calendar_header_dropdown.o
      4664       1534          0         91         50      42279   lv_cb.o
     11962        468        566          0          0      91432   lv_chart.o
      1394         16         28          0          0      47794   lv_checkbox.o
      1460        172        434          0          0      11192   lv_color.o
      3664         30         28          7          0      75571   lv_colorwheel.o
      2180        502        213          0          0      54281   lv_disp.o
         2          0          0          0          0      17466   lv_draw.o
      1234          0          0          0          0      21412   lv_draw_arc.o
      1404        218         48          0          0      30339   lv_draw_img.o
      2280        104         79          0          0      29966   lv_draw_label.o
       134          0          0          0          0      30344   lv_draw_line.o
      8044        362         80          0          0      25745   lv_draw_mask.o
       272          6          0          0          0      24833   lv_draw_rect.o
       108         32          0          0          0      37862   lv_draw_sw.o
      3482          0          0          0          0      37320   lv_draw_sw_arc.o
      4018        136         25          0          0      52785   lv_draw_sw_blend.o
      1620        240         57          9          0      18206   lv_draw_sw_gradient.o
      1460          0          0          0          0      26345   lv_draw_sw_img.o
      1468        232        404          8        256      25141   lv_draw_sw_letter.o
      2552          4         33          0          0      26610   lv_draw_sw_line.o
       912          4          8          0          0      22361   lv_draw_sw_polygon.o
      8364        100         12          0          0      37380   lv_draw_sw_rect.o
      5356        330        163          0          0      55922   lv_dropdown.o
      2448        274        366          8          0      52969   lv_event.o
        12          0          0          0          0        480   lv_extra.o
      4008        220         15         14          0      71147   lv_flex.o
       420        156         71          0          0       6825   lv_font.o
         0          0          0          0          0       4560   lv_font_dejavu_16_persian_hebrew.o
      1060         76        107          0          0       7173   lv_font_fmt_txt.o
         0          0       9356          8          0       2830   lv_font_montserrat_10.o
         0          0      13636          8          0       2830   lv_font_montserrat_14.o
         0          0      21792          8          0       2830   lv_font_montserrat_20.o
      2120        358         48          0          0       9815   lv_fs.o
         0          0          0         20        508       1505   lv_gc.o
      3928        110          0         24          0      77715   lv_grid.o
      1890        166         33          4          0      53228   lv_group.o
      3140        432         64         13          0      57959   lv_hal_disp.o
       936        270        160          0          0      46373   lv_hal_indev.o
        34          0          0          0          0        740   lv_hal_tick.o
      4404        240         52          0          0      54932   lv_img.o
      4570        134         23          0          0      23057   lv_img_buf.o
       244        116        116          0          0       6443   lv_img_cache.o
      3744        700        195          0          0      21157   lv_img_decoder.o
      5088        324         61          9          0      25816   lv_indev.o
      3406          8          0          0          0      49541   lv_indev_scroll.o
      1072         66       1307         72          0      55624   lv_keyboard.o
      6192        334        181          0          0      64327   lv_label.o
      1020          8         28          0          0      54541   lv_led.o
       652          4         28          0          0      12610   lv_line.o
       284         20         84          0          0      49858   lv_list.o
       834          0          0          0          0       5527   lv_ll.o
       236         62         38         28          0       1506   lv_log.o
      5882        672          0        160          0      54637   lv_mainstart.o
       580         10        182          4          0       3529   lv_math.o
      2078        396        155          4          0       5951   lv_mem.o
      2432         66        252          0          0      58982   lv_menu.o
      4548        186        138          0          0      77845   lv_meter.o
         0          0        101          0          0      64973   lv_msgbox.o
      4784        224        220          8          0      60148   lv_obj.o
       696        122         24          0          0       2988   lv_obj_class.o
      2478          0          0          0          0      63804   lv_obj_draw.o
      7064        194         28          5          0      63005   lv_obj_pos.o
      5528         46          0          0          0      60736   lv_obj_scroll.o
      4924        196         48          1          0      61382   lv_obj_style.o
      2450          0          0          0          0      43348   lv_obj_style_gen.o
      1880        196         45          0          0      34621   lv_obj_tree.o
       216         26          0          0    1536104      49602   lv_port_disp_template.o
       388         56          0         20         64      49772   lv_port_indev_template.o
      2408         10          0          0          0       8115   lv_printf.o
      4764        310        174          8         24      51988   lv_refr.o
      3696        270        105          0          0      50252   lv_roller.o
      3060          4         28          0          0      52208   lv_slider.o
      1712         18         28          0          0      59291   lv_spinbox.o
       248         24         28          8          0      53001   lv_spinner.o
      1476        180         54          2          0      20849   lv_style.o
      2046          0          0          0          0      34477   lv_style_gen.o
      1148         12         28          0          0      47552   lv_switch.o
      5756        464        310          0          0      54350   lv_table.o
      1388         38         28          4          0      65737   lv_tabview.o
      6456        382        272          4          0      67174   lv_textarea.o
       256          8          0          0          0      51372   lv_theme.o
     12884        516         22         32         76      62950   lv_theme_default.o
       732         68        145         12          0      51923   lv_tileview.o
       900        208         33         20          0       5333   lv_timer.o
      2488        214         38         32          0      14607   lv_txt.o
        84          0          0          0          0        912   lv_utils.o
       320          8         28          2          0      52558   lv_win.o
       376         92          0         16          0       1343   lvgl_demo.o
       164         22          0          0          0        487   main.o
       600         16         24         28      54400       5259   malloc.o
       220         22          0          0          0       1705   misc.o
       620         14          0          0          0       1856   myiic.o
       876         56         10          1          0       2631   ott2001a.o
       140         12          0          0         36       1744   pid.o
       894        114          0         12          0       7667   port.o
      4308         68          0          0         64      21046   queue.o
       280         16          0          0          0       1933   sram.o
        64         26        304          0       1536        788   startup_stm32f10x_hd.o
        84          6          0          0          0        856   step_motor.o
      1548         18          0          0          0       5287   stm32f10x_fsmc.o
       860         38          0          0          0       5641   stm32f10x_gpio.o
        20          0          0          0          0        883   stm32f10x_it.o
       932         36          0         20          0       8788   stm32f10x_rcc.o
      3610         88          0          0          0      22748   stm32f10x_tim.o
      1032         22          0          0          0       8364   stm32f10x_usart.o
       480         38          0         20          0       1659   system_stm32f10x.o
      8888        504          0         64        740      42417   tasks.o
        92          0          0          0          0        632   timer2.o
       280         16          0          4          0       1514   timer4.o
       180         18          0          0          0        730   timer5.o
       476         12          0          0          0       1461   timer8.o
      1740        122          0         20         40      14888   timers.o
      4020        222        125         54          0       6749   touch.o
       432         18          0          6          0       3820   usart.o

    ----------------------------------------------------------------------
    293688      16620      80066       1168    1604496    4119085   Object Totals
         0          0         32          0          0          0   (incl. Generated)
        38          0         74         30         16          0   (incl. Padding)

    ----------------------------------------------------------------------

      Code (inc. data)   RO Data    RW Data    ZI Data      Debug   Library Member Name

        24          4          0          0          0         84   __2printf.o
        44          6          0          0          0         84   __2sprintf.o
        90          0          0          0          0          0   __dczerorl2.o
         8          0          0          0          0         68   __main.o
       392          4         17          0          0         92   __printf_flags_ss_wp.o
        14          0          0          0          0         68   __printf_wp.o
         0          0          0          0          0          0   __rtentry.o
        12          0          0          0          0          0   __rtentry2.o
         6          0          0          0          0          0   __rtentry4.o
        52          8          0          0          0          0   __scatter.o
        28          0          0          0          0          0   __scatter_zi.o
         6          0          0          0          0          0   _printf_a.o
         6          0          0          0          0          0   _printf_c.o
        44          0          0          0          0        108   _printf_char.o
        48          6          0          0          0         96   _printf_char_common.o
        36          4          0          0          0         80   _printf_char_file.o
        40          0          0          0          0         68   _printf_charcount.o
         6          0          0          0          0          0   _printf_d.o
       120         16          0          0          0         92   _printf_dec.o
         6          0          0          0          0          0   _printf_e.o
         6          0          0          0          0          0   _printf_f.o
      1054          0          0          0          0        216   _printf_fp_dec.o
       764          8         38          0          0        100   _printf_fp_hex.o
       128         16          0          0          0         84   _printf_fp_infnan.o
         6          0          0          0          0          0   _printf_g.o
       148          4         40          0          0        160   _printf_hex_int_ll_ptr.o
         6          0          0          0          0          0   _printf_i.o
       178          0          0          0          0         88   _printf_intcommon.o
        10          0          0          0          0          0   _printf_l.o
         6          0          0          0          0          0   _printf_lc.o
        10          0          0          0          0          0   _printf_ll.o
         6          0          0          0          0          0   _printf_lld.o
         6          0          0          0          0          0   _printf_lli.o
         6          0          0          0          0          0   _printf_llo.o
         6          0          0          0          0          0   _printf_llu.o
         6          0          0          0          0          0   _printf_llx.o
       124         16          0          0          0         92   _printf_longlong_dec.o
         6          0          0          0          0          0   _printf_ls.o
         6          0          0          0          0          0   _printf_n.o
         6          0          0          0          0          0   _printf_o.o
       112         10          0          0          0        124   _printf_oct_int_ll.o
         6          0          0          0          0          0   _printf_p.o
        78          0          0          0          0        108   _printf_pad.o
         0          0          0          0          0          0   _printf_percent.o
         4          0          0          0          0          0   _printf_percent_end.o
         6          0          0          0          0          0   _printf_s.o
        82          0          0          0          0         80   _printf_str.o
        36          0          0          0          0         84   _printf_truncate.o
         6          0          0          0          0          0   _printf_u.o
        44          0          0          0          0        108   _printf_wchar.o
       188          6          8          0          0         92   _printf_wctomb.o
         6          0          0          0          0          0   _printf_x.o
        22          0          0          0          0        100   _rserrno.o
        10          0          0          0          0         68   _sputc.o
        64          0          0          0          0         92   _wcrtomb.o
        16          0          0          0          0         68   aeabi_memset.o
       228          4        148          0          0         96   bigflt0.o
      1936        128          0          0          0        672   btod.o
        18          0          0          0          0         80   exit.o
         8          0          0          0          0         68   ferror.o
         6          0          0          0          0        152   heapauxi.o
        44         10        272          0          0         76   lc_ctype_c.o
        44         10         28          0          0         76   lc_numeric_c.o
         2          0          0          0          0          0   libinit.o
        30          0          0          0          0          0   libinit2.o
         2          0          0          0          0          0   libshutdown.o
         2          0          0          0          0          0   libshutdown2.o
         8          4          0          0         96         68   libspace.o
       138          0          0          0          0         80   lludiv10.o
       238          0          0          0          0        100   lludivv7m.o
        44          4          0          0          0         84   puts.o
        16          4          0          0          0         76   rt_ctype_table.o
         8          4          0          0          0         68   rt_errno_addr_intlibspace.o
         8          4          0          0          0         68   rt_locale_intlibspace.o
        68          0          0          0          0         68   rt_memclr.o
        78          0          0          0          0         80   rt_memclr_w.o
       138          0          0          0          0         68   rt_memcpy_v6.o
       100          0          0          0          0         80   rt_memcpy_w.o
         2          0          0          0          0          0   rtexit.o
        10          0          0          0          0          0   rtexit2.o
        24          0          0          0          0         68   strcat.o
       128          0          0          0          0         68   strcmpv7m.o
        72          0          0          0          0         80   strcpy.o
        62          0          0          0          0         76   strlen.o
        74          0          0          0          0         80   sys_stackheap_outer.o
         2          0          0          0          0         68   use_no_semi.o
         2          0          0          0          0         68   use_no_semi_2.o
        12          4          0          0          0         68   vprintf.o
        98          4          0          0          0         92   d2f.o
       826         16          0          0          0        348   daddsub_clz.o
        24          0          0          0          0         68   dcmpi.o
       688        140          0          0          0        208   ddiv.o
        94          4          0          0          0         92   dfix.o
        90          4          0          0          0         92   dfixu.o
        84          0          0          0          0        136   dflt_clz.o
       120          4          0          0          0         92   dleqf.o
       340         12          0          0          0        104   dmul.o
       156          4          0          0          0         92   dnaninf.o
        12          0          0          0          0         68   dretinf.o
       108          0          0          0          0         80   drleqf.o
       460         56          0          0          0        120   dsqrt_noumaal.o
        86          4          0          0          0         84   f2d.o
       430          8          0          0          0        168   faddsub_clz.o
        24          0          0          0          0         68   fcmpi.o
       388         76          0          0          0         96   fdiv.o
       104          4          0          0          0         84   feqf.o
        54          4          0          0          0         84   ffix.o
        62          4          0          0          0         84   ffixu.o
        86          0          0          0          0        136   fflt_clz.o
       104          4          0          0          0         84   fleqf.o
       258          4          0          0          0         84   fmul.o
       140          4          0          0          0         84   fnaninf.o
        10          0          0          0          0         68   fretinf.o
        98          0          0          0          0         68   frleqf.o
         4          0          0          0          0         68   printf1.o
         4          0          0          0          0         68   printf2.o
         0          0          0          0          0          0   usenofp.o
        40          0          0          0          0         68   fpclassify.o
        76          0          0          0          0         84   sqrt.o

    ----------------------------------------------------------------------
     12798        640        556          0         96       8212   Library Totals
        28          0          5          0          0          0   (incl. Padding)

    ----------------------------------------------------------------------

      Code (inc. data)   RO Data    RW Data    ZI Data      Debug   Library Name

      7702        284        551          0         96       5140   c_w.l
      4952        356          0          0          0       2920   fz_ws.l
       116          0          0          0          0        152   m_ws.l

    ----------------------------------------------------------------------
     12798        640        556          0         96       8212   Library Totals

    ----------------------------------------------------------------------

==============================================================================


      Code (inc. data)   RO Data    RW Data    ZI Data      Debug   

    306486      17260      80622       1168    1604592    4111433   Grand Totals
    306486      17260      80622        324    1604592    4111433   ELF Image Totals (compressed)
    306486      17260      80622        324          0          0   ROM Totals

==============================================================================

    Total RO  Size (Code + RO Data)               387108 ( 378.04kB)
    Total RW  Size (RW Data + ZI Data)           1605760 (1568.13kB)
    Total ROM Size (Code + RO Data + RW Data)     387432 ( 378.35kB)

==============================================================================

